
text

text


# BEGIN MAKARON MANAGED BLOCK
modified block
# END MAKARON MANAGED BLOCK

text
