
text

text


# BEGIN MAKARON MANAGED BLOCK

new block

# END MAKARON MANAGED BLOCK
